// Jest Snapshot v1, https://goo.gl/fbAQLP

exports[`throws when no account and no wishlistToken passed 1`] = `"A wishlistToken is required when updating an anonymous wishlist"`;
